/root/ecg_ai/FocusECG/FocusECG/finetune_test.py:126: FutureWarning: You are using `torch.load` with `weights_only=False` (the current default value), which uses the default pickle module implicitly. It is possible to construct malicious pickle data which will execute arbitrary code during unpickling (See https://github.com/pytorch/pytorch/blob/main/SECURITY.md#untrusted-models for more details). In a future release, the default value for `weights_only` will be flipped to `True`. This limits the functions that could be executed during unpickling. Arbitrary objects will no longer be allowed to be loaded via this mode unless they are explicitly allowlisted by the user via `torch.serialization.add_safe_globals`. We recommend you start setting `weights_only=True` for any use case where you don't have full control of the loaded file. Please open an issue on GitHub for any issues related to this experimental feature.
  checkpoint = torch.load(args.ckpt_path, map_location='cpu')
cuda
cuda
Namespace(all_encode_norm_layer='LayerNorm', batch_size=32, ckpt_path='/root/ecg_ai/FocusECG/FocusECG/ckpt/classifier/ptb-xl/FocusMae/202501120007/max_f1=0.8063053671365907.pth', class_n=5, classifier_head_name='mlp_v1', data_standardization=True, dataset_name='ptb-xl', decoder_depth=4, decoder_embed_dim=256, decoder_num_heads=4, device=device(type='cuda'), early_stop_patience=30, embed_dim=768, encoder_depth=12, encoder_num_heads=12, learning_rate=0.0001, mask_ratio=0.75, mask_type='period', max_epoch_num=100, mlp_ratio=4, model_name='FocusMae', norm_layer='LayerNorm', num_input_channels=1, num_layers=48, patch_length=75, patch_size=75, patch_stride=75, pretrain_model_freeze=True, scheduler_factor=0.8, scheduler_min_lr=1e-08, scheduler_patience=20, self_attn=True, self_attn_heads=16, signal_length=2250, task='test', test_data_path='/root/data/ptb-xl/test.txt', train_data_path='/root/data/p1-2_people2000_segmentall_sample_step100_data/index_0-42k_step:1.txt', use_cls_token=True, use_positional_encoding=True, val_data_path='/root/data/p1-2_people2000_segmentall_sample_step100_data/index_42-60k_step:1.txt', val_every_n_steps=40, weight_decay=0.001)
testing:   0%|          | 0/51 [00:00<?, ?it/s]testing:   2%|▏         | 1/51 [00:00<00:32,  1.55it/s]testing:   4%|▍         | 2/51 [00:00<00:19,  2.45it/s]testing:   6%|▌         | 3/51 [00:01<00:17,  2.80it/s]testing:   8%|▊         | 4/51 [00:01<00:14,  3.22it/s]testing:  10%|▉         | 5/51 [00:01<00:12,  3.56it/s]testing:  12%|█▏        | 6/51 [00:01<00:11,  3.75it/s]testing:  14%|█▎        | 7/51 [00:02<00:11,  3.92it/s]testing:  16%|█▌        | 8/51 [00:02<00:10,  4.12it/s]testing:  18%|█▊        | 9/51 [00:02<00:10,  4.12it/s]testing:  20%|█▉        | 10/51 [00:02<00:09,  4.14it/s]testing:  22%|██▏       | 11/51 [00:03<00:09,  4.22it/s]testing:  24%|██▎       | 12/51 [00:03<00:09,  4.19it/s]testing:  25%|██▌       | 13/51 [00:03<00:09,  4.20it/s]testing:  27%|██▋       | 14/51 [00:03<00:08,  4.29it/s]testing:  29%|██▉       | 15/51 [00:03<00:08,  4.27it/s]testing:  31%|███▏      | 16/51 [00:04<00:08,  4.23it/s]testing:  33%|███▎      | 17/51 [00:04<00:07,  4.29it/s]testing:  35%|███▌      | 18/51 [00:04<00:07,  4.25it/s]testing:  37%|███▋      | 19/51 [00:04<00:07,  4.24it/s]testing:  39%|███▉      | 20/51 [00:05<00:07,  4.34it/s]testing:  41%|████      | 21/51 [00:05<00:06,  4.30it/s]testing:  43%|████▎     | 22/51 [00:05<00:06,  4.18it/s]testing:  45%|████▌     | 23/51 [00:05<00:06,  4.03it/s]testing:  47%|████▋     | 24/51 [00:06<00:06,  3.98it/s]testing:  49%|████▉     | 25/51 [00:06<00:06,  3.86it/s]testing:  51%|█████     | 26/51 [00:06<00:06,  3.83it/s]testing:  53%|█████▎    | 27/51 [00:06<00:06,  3.96it/s]testing:  55%|█████▍    | 28/51 [00:07<00:05,  4.02it/s]testing:  57%|█████▋    | 29/51 [00:07<00:05,  4.11it/s]testing:  59%|█████▉    | 30/51 [00:07<00:05,  4.13it/s]testing:  61%|██████    | 31/51 [00:07<00:04,  4.19it/s]testing:  63%|██████▎   | 32/51 [00:08<00:04,  4.32it/s]testing:  65%|██████▍   | 33/51 [00:08<00:03,  4.98it/s]testing:  67%|██████▋   | 34/51 [00:08<00:03,  5.52it/s]testing:  69%|██████▊   | 35/51 [00:08<00:02,  5.73it/s]testing:  71%|███████   | 36/51 [00:08<00:02,  6.08it/s]testing:  73%|███████▎  | 37/51 [00:08<00:02,  5.36it/s]testing:  75%|███████▍  | 38/51 [00:09<00:02,  4.94it/s]testing:  76%|███████▋  | 39/51 [00:09<00:02,  4.68it/s]testing:  78%|███████▊  | 40/51 [00:09<00:02,  4.44it/s]testing:  80%|████████  | 41/51 [00:09<00:02,  4.25it/s]testing:  82%|████████▏ | 42/51 [00:10<00:02,  4.21it/s]testing:  84%|████████▍ | 43/51 [00:10<00:01,  4.20it/s]testing:  86%|████████▋ | 44/51 [00:10<00:01,  4.18it/s]testing:  88%|████████▊ | 45/51 [00:10<00:01,  4.20it/s]testing:  90%|█████████ | 46/51 [00:11<00:01,  4.08it/s]testing:  92%|█████████▏| 47/51 [00:11<00:00,  4.01it/s]testing:  94%|█████████▍| 48/51 [00:11<00:00,  4.04it/s]testing:  96%|█████████▌| 49/51 [00:11<00:00,  4.67it/s]testing:  98%|█████████▊| 50/51 [00:11<00:00,  5.45it/s]                                                        /root/miniconda3/envs/ecg/lib/python3.8/site-packages/sklearn/metrics/_classification.py:1471: UndefinedMetricWarning: Precision and F-score are ill-defined and being set to 0.0 in labels with no predicted samples. Use `zero_division` parameter to control this behavior.
  _warn_prf(average, modifier, msg_start, len(result))
/root/miniconda3/envs/ecg/lib/python3.8/site-packages/sklearn/metrics/_classification.py:1471: UndefinedMetricWarning: Precision and F-score are ill-defined and being set to 0.0 in labels with no predicted samples. Use `zero_division` parameter to control this behavior.
  _warn_prf(average, modifier, msg_start, len(result))
/root/miniconda3/envs/ecg/lib/python3.8/site-packages/sklearn/metrics/_classification.py:1471: UndefinedMetricWarning: Precision and F-score are ill-defined and being set to 0.0 in labels with no predicted samples. Use `zero_division` parameter to control this behavior.
  _warn_prf(average, modifier, msg_start, len(result))
/root/miniconda3/envs/ecg/lib/python3.8/site-packages/sklearn/metrics/_classification.py:1471: UndefinedMetricWarning: Precision and F-score are ill-defined and being set to 0.0 in labels with no predicted samples. Use `zero_division` parameter to control this behavior.
  _warn_prf(average, modifier, msg_start, len(result))
              precision    recall  f1-score   support

           0       0.93      0.41      0.57       163
           1       0.00      0.00      0.00        56
           2       0.48      0.20      0.28       265
           3       0.72      0.94      0.82       902
           4       0.53      0.59      0.56       246

    accuracy                           0.68      1632
   macro avg       0.53      0.43      0.44      1632
weighted avg       0.65      0.68      0.64      1632

accuracy = 0.6807598039215687, macro_p = 0.5316698688237833, macro_r = 0.42767791637760216, macro_f1 = 0.44469277798275453, AUROC = 0.8079570625263066
